Error type 3 at Line 2: variable redefined.
Error type 4 at Line 5: function redefined.