Error type 6 at Line 14: value can not be assigned.
Error type 5 at Line 15: unmatching types appear at both sides of the assigment operator.
Error type 5 at Line 17: unmatching types appear at both sides of the assigment operator.
Error type 5 at Line 17: unmatching types appear at both sides of the assigment operator.