Error type 1 at Line 3: undefined variable b.
Error type 2 at Line 3: undefined function.