Error type 7 at Line 15: unmatching operands.
Error type 5 at Line 16: unmatching types appear at both sides of the assigment operator.