Error type 10 at Line 4: applying indexing operator on non-array type variables.