Error type 9 at Line 17: function's arguments mismatch.
Error type 8 at Line 21: function's return value type mismatch.
