Error type 13 at Line 13: accessing members of a non-structure variable.
Error type 14 at Line 14: accessing an undefined structure member.
